[2025-10-29T00:47:32.090+0000] {manager.py:470} INFO - Processing files using up to 2 processes at a time 
[2025-10-29T00:47:32.090+0000] {manager.py:471} INFO - Process each file at most once every 30 seconds
[2025-10-29T00:47:32.091+0000] {manager.py:472} INFO - Checking for new files in /opt/airflow/dags every 300 seconds
[2025-10-29T00:47:32.091+0000] {manager.py:737} INFO - Searching for files in /opt/airflow/dags
[2025-10-29T00:47:32.094+0000] {manager.py:740} INFO - There are 1 files in /opt/airflow/dags
[2025-10-29T00:47:32.205+0000] {manager.py:878} INFO - 
================================================================================
DAG File Processing Stats

File Path                        PID  Runtime      # DAGs    # Errors  Last Runtime    Last Run
-----------------------------  -----  ---------  --------  ----------  --------------  ----------
/opt/airflow/dags/test_dag.py    175  0.06s             0           0
================================================================================
[2025-10-29T00:47:38.804+0000] {manager.py:452} INFO - Exiting gracefully upon receiving signal 15
[2025-11-10T19:03:18.283+0000] {manager.py:470} INFO - Processing files using up to 2 processes at a time 
[2025-11-10T19:03:18.284+0000] {manager.py:471} INFO - Process each file at most once every 30 seconds
[2025-11-10T19:03:18.284+0000] {manager.py:472} INFO - Checking for new files in /opt/airflow/dags every 300 seconds
[2025-11-10T19:03:18.284+0000] {manager.py:737} INFO - Searching for files in /opt/airflow/dags
[2025-11-10T19:03:18.290+0000] {manager.py:740} INFO - There are 1 files in /opt/airflow/dags
[2025-11-10T19:03:18.705+0000] {manager.py:878} INFO - 
================================================================================
DAG File Processing Stats

File Path                        PID  Runtime      # DAGs    # Errors  Last Runtime    Last Run
-----------------------------  -----  ---------  --------  ----------  --------------  ----------
/opt/airflow/dags/test_dag.py    176  0.27s             0           0
================================================================================
[2025-11-10T19:03:49.237+0000] {manager.py:878} INFO - 
================================================================================
DAG File Processing Stats

File Path                      PID    Runtime      # DAGs    # Errors  Last Runtime    Last Run
-----------------------------  -----  ---------  --------  ----------  --------------  -------------------
/opt/airflow/dags/test_dag.py                           1           0  2.08s           2025-11-10T19:03:20
================================================================================
[2025-11-10T19:04:20.166+0000] {manager.py:878} INFO - 
================================================================================
DAG File Processing Stats

File Path                      PID    Runtime      # DAGs    # Errors  Last Runtime    Last Run
-----------------------------  -----  ---------  --------  ----------  --------------  -------------------
/opt/airflow/dags/test_dag.py                           1           0  0.45s           2025-11-10T19:03:51
================================================================================
[2025-11-10T19:04:50.227+0000] {manager.py:878} INFO - 
================================================================================
DAG File Processing Stats

File Path                      PID    Runtime      # DAGs    # Errors  Last Runtime    Last Run
-----------------------------  -----  ---------  --------  ----------  --------------  -------------------
/opt/airflow/dags/test_dag.py                           1           0  0.59s           2025-11-10T19:04:22
================================================================================
[2025-11-10T19:05:20.695+0000] {manager.py:878} INFO - 
================================================================================
DAG File Processing Stats

File Path                      PID    Runtime      # DAGs    # Errors  Last Runtime    Last Run
-----------------------------  -----  ---------  --------  ----------  --------------  -------------------
/opt/airflow/dags/test_dag.py                           1           0  0.31s           2025-11-10T19:04:53
================================================================================
[2025-11-10T19:05:50.828+0000] {manager.py:878} INFO - 
================================================================================
DAG File Processing Stats

File Path                      PID    Runtime      # DAGs    # Errors  Last Runtime    Last Run
-----------------------------  -----  ---------  --------  ----------  --------------  -------------------
/opt/airflow/dags/test_dag.py                           1           0  0.21s           2025-11-10T19:05:23
================================================================================
[2025-11-10T19:06:21.374+0000] {manager.py:878} INFO - 
================================================================================
DAG File Processing Stats

File Path                      PID    Runtime      # DAGs    # Errors  Last Runtime    Last Run
-----------------------------  -----  ---------  --------  ----------  --------------  -------------------
/opt/airflow/dags/test_dag.py                           1           0  0.23s           2025-11-10T19:05:54
================================================================================
[2025-11-10T19:06:51.675+0000] {manager.py:878} INFO - 
================================================================================
DAG File Processing Stats

File Path                      PID    Runtime      # DAGs    # Errors  Last Runtime    Last Run
-----------------------------  -----  ---------  --------  ----------  --------------  -------------------
/opt/airflow/dags/test_dag.py                           1           0  0.68s           2025-11-10T19:06:25
================================================================================
[2025-11-10T19:07:21.978+0000] {manager.py:878} INFO - 
================================================================================
DAG File Processing Stats

File Path                      PID    Runtime      # DAGs    # Errors  Last Runtime    Last Run
-----------------------------  -----  ---------  --------  ----------  --------------  -------------------
/opt/airflow/dags/test_dag.py                           1           0  0.84s           2025-11-10T19:06:56
================================================================================
[2025-11-10T19:07:52.664+0000] {manager.py:878} INFO - 
================================================================================
DAG File Processing Stats

File Path                      PID    Runtime      # DAGs    # Errors  Last Runtime    Last Run
-----------------------------  -----  ---------  --------  ----------  --------------  -------------------
/opt/airflow/dags/test_dag.py                           1           0  0.29s           2025-11-10T19:07:38
================================================================================
[2025-11-10T19:08:18.395+0000] {manager.py:737} INFO - Searching for files in /opt/airflow/dags
[2025-11-10T19:08:18.420+0000] {manager.py:740} INFO - There are 1 files in /opt/airflow/dags
[2025-11-10T19:08:23.209+0000] {manager.py:878} INFO - 
================================================================================
DAG File Processing Stats

File Path                      PID    Runtime      # DAGs    # Errors  Last Runtime    Last Run
-----------------------------  -----  ---------  --------  ----------  --------------  -------------------
/opt/airflow/dags/test_dag.py                           1           0  0.34s           2025-11-10T19:08:09
================================================================================
[2025-11-10T19:08:53.989+0000] {manager.py:878} INFO - 
================================================================================
DAG File Processing Stats

File Path                      PID    Runtime      # DAGs    # Errors  Last Runtime    Last Run
-----------------------------  -----  ---------  --------  ----------  --------------  -------------------
/opt/airflow/dags/test_dag.py                           1           0  0.22s           2025-11-10T19:08:30
================================================================================
[2025-11-10T19:09:24.769+0000] {manager.py:878} INFO - 
================================================================================
DAG File Processing Stats

File Path                      PID    Runtime      # DAGs    # Errors  Last Runtime    Last Run
-----------------------------  -----  ---------  --------  ----------  --------------  -------------------
/opt/airflow/dags/test_dag.py                           1           0  0.39s           2025-11-10T19:09:01
================================================================================
[2025-11-10T19:09:55.208+0000] {manager.py:878} INFO - 
================================================================================
DAG File Processing Stats

File Path                      PID    Runtime      # DAGs    # Errors  Last Runtime    Last Run
-----------------------------  -----  ---------  --------  ----------  --------------  -------------------
/opt/airflow/dags/test_dag.py                           1           0  0.19s           2025-11-10T19:09:32
================================================================================
[2025-11-10T19:10:25.801+0000] {manager.py:878} INFO - 
================================================================================
DAG File Processing Stats

File Path                      PID    Runtime      # DAGs    # Errors  Last Runtime    Last Run
-----------------------------  -----  ---------  --------  ----------  --------------  -------------------
/opt/airflow/dags/test_dag.py                           1           0  0.48s           2025-11-10T19:10:02
================================================================================
[2025-11-10T19:10:55.932+0000] {manager.py:878} INFO - 
================================================================================
DAG File Processing Stats

File Path                      PID    Runtime      # DAGs    # Errors  Last Runtime    Last Run
-----------------------------  -----  ---------  --------  ----------  --------------  -------------------
/opt/airflow/dags/test_dag.py                           1           0  0.27s           2025-11-10T19:10:33
================================================================================
[2025-11-10T19:11:26.295+0000] {manager.py:878} INFO - 
================================================================================
DAG File Processing Stats

File Path                      PID    Runtime      # DAGs    # Errors  Last Runtime    Last Run
-----------------------------  -----  ---------  --------  ----------  --------------  -------------------
/opt/airflow/dags/test_dag.py                           1           0  0.20s           2025-11-10T19:11:04
================================================================================
[2025-11-10T19:11:56.794+0000] {manager.py:878} INFO - 
================================================================================
DAG File Processing Stats

File Path                      PID    Runtime      # DAGs    # Errors  Last Runtime    Last Run
-----------------------------  -----  ---------  --------  ----------  --------------  -------------------
/opt/airflow/dags/test_dag.py                           1           0  0.22s           2025-11-10T19:11:34
================================================================================
[2025-11-10T19:12:27.299+0000] {manager.py:878} INFO - 
================================================================================
DAG File Processing Stats

File Path                      PID    Runtime      # DAGs    # Errors  Last Runtime    Last Run
-----------------------------  -----  ---------  --------  ----------  --------------  -------------------
/opt/airflow/dags/test_dag.py                           1           0  0.40s           2025-11-10T19:12:05
================================================================================
[2025-11-10T19:12:58.110+0000] {manager.py:878} INFO - 
================================================================================
DAG File Processing Stats

File Path                      PID    Runtime      # DAGs    # Errors  Last Runtime    Last Run
-----------------------------  -----  ---------  --------  ----------  --------------  -------------------
/opt/airflow/dags/test_dag.py                           1           0  0.30s           2025-11-10T19:12:35
================================================================================
[2025-11-10T19:13:18.460+0000] {manager.py:737} INFO - Searching for files in /opt/airflow/dags
[2025-11-10T19:13:18.483+0000] {manager.py:740} INFO - There are 1 files in /opt/airflow/dags
[2025-11-10T19:13:28.697+0000] {manager.py:878} INFO - 
================================================================================
DAG File Processing Stats

File Path                      PID    Runtime      # DAGs    # Errors  Last Runtime    Last Run
-----------------------------  -----  ---------  --------  ----------  --------------  -------------------
/opt/airflow/dags/test_dag.py                           1           0  0.35s           2025-11-10T19:13:06
================================================================================
[2025-11-10T19:13:59.296+0000] {manager.py:878} INFO - 
================================================================================
DAG File Processing Stats

File Path                      PID    Runtime      # DAGs    # Errors  Last Runtime    Last Run
-----------------------------  -----  ---------  --------  ----------  --------------  -------------------
/opt/airflow/dags/test_dag.py                           1           0  0.21s           2025-11-10T19:13:37
================================================================================
[2025-11-10T19:14:29.482+0000] {manager.py:878} INFO - 
================================================================================
DAG File Processing Stats

File Path                      PID    Runtime      # DAGs    # Errors  Last Runtime    Last Run
-----------------------------  -----  ---------  --------  ----------  --------------  -------------------
/opt/airflow/dags/test_dag.py                           1           0  0.23s           2025-11-10T19:14:08
================================================================================
[2025-11-10T19:14:59.924+0000] {manager.py:878} INFO - 
================================================================================
DAG File Processing Stats

File Path                      PID    Runtime      # DAGs    # Errors  Last Runtime    Last Run
-----------------------------  -----  ---------  --------  ----------  --------------  -------------------
/opt/airflow/dags/test_dag.py                           1           0  0.22s           2025-11-10T19:14:38
================================================================================
[2025-11-10T19:15:30.001+0000] {manager.py:878} INFO - 
================================================================================
DAG File Processing Stats

File Path                      PID    Runtime      # DAGs    # Errors  Last Runtime    Last Run
-----------------------------  -----  ---------  --------  ----------  --------------  -------------------
/opt/airflow/dags/test_dag.py                           1           0  0.33s           2025-11-10T19:15:09
================================================================================
[2025-11-10T19:16:00.376+0000] {manager.py:878} INFO - 
================================================================================
DAG File Processing Stats

File Path                      PID    Runtime      # DAGs    # Errors  Last Runtime    Last Run
-----------------------------  -----  ---------  --------  ----------  --------------  -------------------
/opt/airflow/dags/test_dag.py                           1           0  0.21s           2025-11-10T19:15:40
================================================================================
[2025-11-10T19:16:30.866+0000] {manager.py:878} INFO - 
================================================================================
DAG File Processing Stats

File Path                      PID    Runtime      # DAGs    # Errors  Last Runtime    Last Run
-----------------------------  -----  ---------  --------  ----------  --------------  -------------------
/opt/airflow/dags/test_dag.py                           1           0  0.18s           2025-11-10T19:16:10
================================================================================
[2025-11-10T19:17:01.070+0000] {manager.py:878} INFO - 
================================================================================
DAG File Processing Stats

File Path                      PID    Runtime      # DAGs    # Errors  Last Runtime    Last Run
-----------------------------  -----  ---------  --------  ----------  --------------  -------------------
/opt/airflow/dags/test_dag.py                           1           0  0.75s           2025-11-10T19:16:42
================================================================================
[2025-11-10T19:17:32.078+0000] {manager.py:878} INFO - 
================================================================================
DAG File Processing Stats

File Path                      PID    Runtime      # DAGs    # Errors  Last Runtime    Last Run
-----------------------------  -----  ---------  --------  ----------  --------------  -------------------
/opt/airflow/dags/test_dag.py                           1           0  0.35s           2025-11-10T19:17:13
================================================================================
[2025-11-10T19:18:02.586+0000] {manager.py:878} INFO - 
================================================================================
DAG File Processing Stats

File Path                      PID    Runtime      # DAGs    # Errors  Last Runtime    Last Run
-----------------------------  -----  ---------  --------  ----------  --------------  -------------------
/opt/airflow/dags/test_dag.py                           1           0  0.18s           2025-11-10T19:17:44
================================================================================
[2025-11-10T19:18:18.808+0000] {manager.py:737} INFO - Searching for files in /opt/airflow/dags
[2025-11-10T19:18:18.820+0000] {manager.py:740} INFO - There are 1 files in /opt/airflow/dags
[2025-11-10T19:18:33.026+0000] {manager.py:878} INFO - 
================================================================================
DAG File Processing Stats

File Path                      PID    Runtime      # DAGs    # Errors  Last Runtime    Last Run
-----------------------------  -----  ---------  --------  ----------  --------------  -------------------
/opt/airflow/dags/test_dag.py                           1           0  0.16s           2025-11-10T19:18:14
================================================================================
[2025-11-10T19:19:03.611+0000] {manager.py:878} INFO - 
================================================================================
DAG File Processing Stats

File Path                      PID    Runtime      # DAGs    # Errors  Last Runtime    Last Run
-----------------------------  -----  ---------  --------  ----------  --------------  -------------------
/opt/airflow/dags/test_dag.py                           1           0  0.44s           2025-11-10T19:18:45
================================================================================
[2025-11-10T19:19:34.558+0000] {manager.py:878} INFO - 
================================================================================
DAG File Processing Stats

File Path                      PID    Runtime      # DAGs    # Errors  Last Runtime    Last Run
-----------------------------  -----  ---------  --------  ----------  --------------  -------------------
/opt/airflow/dags/test_dag.py                           1           0  0.19s           2025-11-10T19:19:16
================================================================================
[2025-11-10T19:20:05.094+0000] {manager.py:878} INFO - 
================================================================================
DAG File Processing Stats

File Path                      PID    Runtime      # DAGs    # Errors  Last Runtime    Last Run
-----------------------------  -----  ---------  --------  ----------  --------------  -------------------
/opt/airflow/dags/test_dag.py                           1           0  0.19s           2025-11-10T19:19:46
================================================================================
[2025-11-10T19:20:35.568+0000] {manager.py:878} INFO - 
================================================================================
DAG File Processing Stats

File Path                      PID    Runtime      # DAGs    # Errors  Last Runtime    Last Run
-----------------------------  -----  ---------  --------  ----------  --------------  -------------------
/opt/airflow/dags/test_dag.py                           1           0  0.20s           2025-11-10T19:20:17
================================================================================
[2025-11-10T19:21:06.193+0000] {manager.py:878} INFO - 
================================================================================
DAG File Processing Stats

File Path                      PID    Runtime      # DAGs    # Errors  Last Runtime    Last Run
-----------------------------  -----  ---------  --------  ----------  --------------  -------------------
/opt/airflow/dags/test_dag.py                           1           0  0.19s           2025-11-10T19:20:48
================================================================================
[2025-11-10T19:21:37.031+0000] {manager.py:878} INFO - 
================================================================================
DAG File Processing Stats

File Path                      PID    Runtime      # DAGs    # Errors  Last Runtime    Last Run
-----------------------------  -----  ---------  --------  ----------  --------------  -------------------
/opt/airflow/dags/test_dag.py                           1           0  0.42s           2025-11-10T19:21:19
================================================================================
[2025-11-10T19:22:07.817+0000] {manager.py:878} INFO - 
================================================================================
DAG File Processing Stats

File Path                      PID    Runtime      # DAGs    # Errors  Last Runtime    Last Run
-----------------------------  -----  ---------  --------  ----------  --------------  -------------------
/opt/airflow/dags/test_dag.py                           1           0  0.30s           2025-11-10T19:21:49
================================================================================
[2025-11-10T19:22:38.586+0000] {manager.py:878} INFO - 
================================================================================
DAG File Processing Stats

File Path                      PID    Runtime      # DAGs    # Errors  Last Runtime    Last Run
-----------------------------  -----  ---------  --------  ----------  --------------  -------------------
/opt/airflow/dags/test_dag.py                           1           0  3.06s           2025-11-10T19:22:23
================================================================================
[2025-11-10T19:23:08.818+0000] {manager.py:878} INFO - 
================================================================================
DAG File Processing Stats

File Path                      PID    Runtime      # DAGs    # Errors  Last Runtime    Last Run
-----------------------------  -----  ---------  --------  ----------  --------------  -------------------
/opt/airflow/dags/test_dag.py                           1           0  0.46s           2025-11-10T19:22:53
================================================================================
[2025-11-10T19:23:18.913+0000] {manager.py:737} INFO - Searching for files in /opt/airflow/dags
[2025-11-10T19:23:18.954+0000] {manager.py:740} INFO - There are 1 files in /opt/airflow/dags
[2025-11-10T19:23:39.540+0000] {manager.py:878} INFO - 
================================================================================
DAG File Processing Stats

File Path                      PID    Runtime      # DAGs    # Errors  Last Runtime    Last Run
-----------------------------  -----  ---------  --------  ----------  --------------  -------------------
/opt/airflow/dags/test_dag.py                           1           0  0.20s           2025-11-10T19:23:24
================================================================================
[2025-11-10T19:24:10.029+0000] {manager.py:878} INFO - 
================================================================================
DAG File Processing Stats

File Path                      PID    Runtime      # DAGs    # Errors  Last Runtime    Last Run
-----------------------------  -----  ---------  --------  ----------  --------------  -------------------
/opt/airflow/dags/test_dag.py                           1           0  0.16s           2025-11-10T19:23:54
================================================================================
[2025-11-10T19:24:40.084+0000] {manager.py:878} INFO - 
================================================================================
DAG File Processing Stats

File Path                      PID    Runtime      # DAGs    # Errors  Last Runtime    Last Run
-----------------------------  -----  ---------  --------  ----------  --------------  -------------------
/opt/airflow/dags/test_dag.py                           1           0  0.71s           2025-11-10T19:24:25
================================================================================
[2025-11-10T19:25:10.480+0000] {manager.py:878} INFO - 
================================================================================
DAG File Processing Stats

File Path                      PID    Runtime      # DAGs    # Errors  Last Runtime    Last Run
-----------------------------  -----  ---------  --------  ----------  --------------  -------------------
/opt/airflow/dags/test_dag.py                           1           0  0.17s           2025-11-10T19:24:56
================================================================================
[2025-11-10T19:25:40.979+0000] {manager.py:878} INFO - 
================================================================================
DAG File Processing Stats

File Path                      PID    Runtime      # DAGs    # Errors  Last Runtime    Last Run
-----------------------------  -----  ---------  --------  ----------  --------------  -------------------
/opt/airflow/dags/test_dag.py                           1           0  0.16s           2025-11-10T19:25:26
================================================================================
[2025-11-10T19:26:11.567+0000] {manager.py:878} INFO - 
================================================================================
DAG File Processing Stats

File Path                      PID    Runtime      # DAGs    # Errors  Last Runtime    Last Run
-----------------------------  -----  ---------  --------  ----------  --------------  -------------------
/opt/airflow/dags/test_dag.py                           1           0  0.18s           2025-11-10T19:25:57
================================================================================
[2025-11-10T19:26:41.591+0000] {manager.py:878} INFO - 
================================================================================
DAG File Processing Stats

File Path                      PID    Runtime      # DAGs    # Errors  Last Runtime    Last Run
-----------------------------  -----  ---------  --------  ----------  --------------  -------------------
/opt/airflow/dags/test_dag.py                           1           0  0.58s           2025-11-10T19:26:28
================================================================================
[2025-11-10T19:27:12.093+0000] {manager.py:878} INFO - 
================================================================================
DAG File Processing Stats

File Path                      PID    Runtime      # DAGs    # Errors  Last Runtime    Last Run
-----------------------------  -----  ---------  --------  ----------  --------------  -------------------
/opt/airflow/dags/test_dag.py                           1           0  0.19s           2025-11-10T19:26:59
================================================================================
[2025-11-10T19:27:42.513+0000] {manager.py:878} INFO - 
================================================================================
DAG File Processing Stats

File Path                      PID    Runtime      # DAGs    # Errors  Last Runtime    Last Run
-----------------------------  -----  ---------  --------  ----------  --------------  -------------------
/opt/airflow/dags/test_dag.py                           1           0  0.56s           2025-11-10T19:27:30
================================================================================
[2025-11-10T19:28:02.508+0000] {manager.py:452} INFO - Exiting gracefully upon receiving signal 15
[2025-11-10T19:29:29.344+0000] {manager.py:470} INFO - Processing files using up to 2 processes at a time 
[2025-11-10T19:29:29.345+0000] {manager.py:471} INFO - Process each file at most once every 30 seconds
[2025-11-10T19:29:29.345+0000] {manager.py:472} INFO - Checking for new files in /opt/airflow/dags every 300 seconds
[2025-11-10T19:29:29.346+0000] {manager.py:737} INFO - Searching for files in /opt/airflow/dags
[2025-11-10T19:29:29.359+0000] {manager.py:740} INFO - There are 1 files in /opt/airflow/dags
[2025-11-10T19:29:29.473+0000] {manager.py:878} INFO - 
================================================================================
DAG File Processing Stats

File Path                        PID  Runtime      # DAGs    # Errors  Last Runtime    Last Run
-----------------------------  -----  ---------  --------  ----------  --------------  ----------
/opt/airflow/dags/test_dag.py    175  0.05s             0           0
================================================================================
[2025-11-10T19:29:59.949+0000] {manager.py:878} INFO - 
================================================================================
DAG File Processing Stats

File Path                        PID  Runtime      # DAGs    # Errors  Last Runtime    Last Run
-----------------------------  -----  ---------  --------  ----------  --------------  -------------------
/opt/airflow/dags/test_dag.py    203  0.04s             1           0  0.20s           2025-11-10T19:29:29
================================================================================
[2025-11-10T19:30:30.337+0000] {manager.py:878} INFO - 
================================================================================
DAG File Processing Stats

File Path                      PID    Runtime      # DAGs    # Errors  Last Runtime    Last Run
-----------------------------  -----  ---------  --------  ----------  --------------  -------------------
/opt/airflow/dags/test_dag.py                           1           0  0.49s           2025-11-10T19:30:00
================================================================================
[2025-11-10T19:31:01.227+0000] {manager.py:878} INFO - 
================================================================================
DAG File Processing Stats

File Path                        PID  Runtime      # DAGs    # Errors  Last Runtime    Last Run
-----------------------------  -----  ---------  --------  ----------  --------------  -------------------
/opt/airflow/dags/test_dag.py    225  0.07s             1           0  0.17s           2025-11-10T19:30:30
================================================================================
[2025-11-10T19:31:31.707+0000] {manager.py:878} INFO - 
================================================================================
DAG File Processing Stats

File Path                        PID  Runtime      # DAGs    # Errors  Last Runtime    Last Run
-----------------------------  -----  ---------  --------  ----------  --------------  -------------------
/opt/airflow/dags/test_dag.py    236  0.04s             1           0  0.27s           2025-11-10T19:31:01
================================================================================
[2025-11-10T19:32:02.126+0000] {manager.py:878} INFO - 
================================================================================
DAG File Processing Stats

File Path                        PID  Runtime      # DAGs    # Errors  Last Runtime    Last Run
-----------------------------  -----  ---------  --------  ----------  --------------  -------------------
/opt/airflow/dags/test_dag.py    247  0.04s             1           0  0.26s           2025-11-10T19:31:31
================================================================================
[2025-11-10T19:32:32.766+0000] {manager.py:878} INFO - 
================================================================================
DAG File Processing Stats

File Path                        PID  Runtime      # DAGs    # Errors  Last Runtime    Last Run
-----------------------------  -----  ---------  --------  ----------  --------------  -------------------
/opt/airflow/dags/test_dag.py    258  0.04s             1           0  0.20s           2025-11-10T19:32:02
================================================================================
[2025-11-10T19:33:03.509+0000] {manager.py:878} INFO - 
================================================================================
DAG File Processing Stats

File Path                        PID  Runtime      # DAGs    # Errors  Last Runtime    Last Run
-----------------------------  -----  ---------  --------  ----------  --------------  -------------------
/opt/airflow/dags/test_dag.py    269  0.05s             1           0  0.19s           2025-11-10T19:32:32
================================================================================
[2025-11-10T19:33:34.253+0000] {manager.py:878} INFO - 
================================================================================
DAG File Processing Stats

File Path                        PID  Runtime      # DAGs    # Errors  Last Runtime    Last Run
-----------------------------  -----  ---------  --------  ----------  --------------  -------------------
/opt/airflow/dags/test_dag.py    280  0.04s             1           0  0.25s           2025-11-10T19:33:03
================================================================================
[2025-11-10T19:34:05.083+0000] {manager.py:878} INFO - 
================================================================================
DAG File Processing Stats

File Path                        PID  Runtime      # DAGs    # Errors  Last Runtime    Last Run
-----------------------------  -----  ---------  --------  ----------  --------------  -------------------
/opt/airflow/dags/test_dag.py    310  0.03s             1           0  0.22s           2025-11-10T19:33:34
================================================================================
[2025-11-10T19:34:29.512+0000] {manager.py:737} INFO - Searching for files in /opt/airflow/dags
[2025-11-10T19:34:29.526+0000] {manager.py:740} INFO - There are 1 files in /opt/airflow/dags
[2025-11-10T19:34:35.668+0000] {manager.py:878} INFO - 
================================================================================
DAG File Processing Stats

File Path                        PID  Runtime      # DAGs    # Errors  Last Runtime    Last Run
-----------------------------  -----  ---------  --------  ----------  --------------  -------------------
/opt/airflow/dags/test_dag.py    336  0.03s             1           0  0.46s           2025-11-10T19:34:05
================================================================================
[2025-11-10T19:35:06.179+0000] {manager.py:878} INFO - 
================================================================================
DAG File Processing Stats

File Path                        PID  Runtime      # DAGs    # Errors  Last Runtime    Last Run
-----------------------------  -----  ---------  --------  ----------  --------------  -------------------
/opt/airflow/dags/test_dag.py    350  0.04s             1           0  0.22s           2025-11-10T19:34:35
================================================================================
[2025-11-10T19:35:36.704+0000] {manager.py:878} INFO - 
================================================================================
DAG File Processing Stats

File Path                        PID  Runtime      # DAGs    # Errors  Last Runtime    Last Run
-----------------------------  -----  ---------  --------  ----------  --------------  -------------------
/opt/airflow/dags/test_dag.py    436  0.05s             1           0  0.28s           2025-11-10T19:35:06
================================================================================
[2025-11-10T19:36:07.545+0000] {manager.py:878} INFO - 
================================================================================
DAG File Processing Stats

File Path                        PID  Runtime      # DAGs    # Errors  Last Runtime    Last Run
-----------------------------  -----  ---------  --------  ----------  --------------  -------------------
/opt/airflow/dags/test_dag.py    447  0.05s             1           0  0.22s           2025-11-10T19:35:36
================================================================================
[2025-11-10T19:36:38.060+0000] {manager.py:878} INFO - 
================================================================================
DAG File Processing Stats

File Path                        PID  Runtime      # DAGs    # Errors  Last Runtime    Last Run
-----------------------------  -----  ---------  --------  ----------  --------------  -------------------
/opt/airflow/dags/test_dag.py    483  0.07s             1           0  0.27s           2025-11-10T19:36:07
================================================================================
[2025-11-10T19:37:08.651+0000] {manager.py:878} INFO - 
================================================================================
DAG File Processing Stats

File Path                        PID  Runtime      # DAGs    # Errors  Last Runtime    Last Run
-----------------------------  -----  ---------  --------  ----------  --------------  -------------------
/opt/airflow/dags/test_dag.py    494  0.05s             1           0  0.26s           2025-11-10T19:36:38
================================================================================
[2025-11-10T19:37:39.345+0000] {manager.py:878} INFO - 
================================================================================
DAG File Processing Stats

File Path                        PID  Runtime      # DAGs    # Errors  Last Runtime    Last Run
-----------------------------  -----  ---------  --------  ----------  --------------  -------------------
/opt/airflow/dags/test_dag.py    505  0.05s             1           0  0.21s           2025-11-10T19:37:08
================================================================================
[2025-11-10T19:38:09.843+0000] {manager.py:878} INFO - 
================================================================================
DAG File Processing Stats

File Path                        PID  Runtime      # DAGs    # Errors  Last Runtime    Last Run
-----------------------------  -----  ---------  --------  ----------  --------------  -------------------
/opt/airflow/dags/test_dag.py    516  0.03s             1           0  0.23s           2025-11-10T19:37:39
================================================================================
[2025-11-10T19:38:39.895+0000] {manager.py:878} INFO - 
================================================================================
DAG File Processing Stats

File Path                      PID    Runtime      # DAGs    # Errors  Last Runtime    Last Run
-----------------------------  -----  ---------  --------  ----------  --------------  -------------------
/opt/airflow/dags/test_dag.py                           1           0  0.64s           2025-11-10T19:38:10
================================================================================
[2025-11-10T19:39:10.503+0000] {manager.py:878} INFO - 
================================================================================
DAG File Processing Stats

File Path                      PID    Runtime      # DAGs    # Errors  Last Runtime    Last Run
-----------------------------  -----  ---------  --------  ----------  --------------  -------------------
/opt/airflow/dags/test_dag.py                           1           0  0.20s           2025-11-10T19:38:41
================================================================================
[2025-11-10T19:39:29.945+0000] {manager.py:737} INFO - Searching for files in /opt/airflow/dags
[2025-11-10T19:39:29.969+0000] {manager.py:740} INFO - There are 1 files in /opt/airflow/dags
[2025-11-10T19:39:41.188+0000] {manager.py:878} INFO - 
================================================================================
DAG File Processing Stats

File Path                      PID    Runtime      # DAGs    # Errors  Last Runtime    Last Run
-----------------------------  -----  ---------  --------  ----------  --------------  -------------------
/opt/airflow/dags/test_dag.py                           1           0  0.38s           2025-11-10T19:39:12
================================================================================
[2025-11-10T19:40:11.698+0000] {manager.py:878} INFO - 
================================================================================
DAG File Processing Stats

File Path                      PID    Runtime      # DAGs    # Errors  Last Runtime    Last Run
-----------------------------  -----  ---------  --------  ----------  --------------  -------------------
/opt/airflow/dags/test_dag.py                           1           0  0.23s           2025-11-10T19:39:42
================================================================================
[2025-11-10T19:40:42.243+0000] {manager.py:878} INFO - 
================================================================================
DAG File Processing Stats

File Path                      PID    Runtime      # DAGs    # Errors  Last Runtime    Last Run
-----------------------------  -----  ---------  --------  ----------  --------------  -------------------
/opt/airflow/dags/test_dag.py                           1           0  0.20s           2025-11-10T19:40:12
================================================================================
[2025-11-10T19:41:12.792+0000] {manager.py:878} INFO - 
================================================================================
DAG File Processing Stats

File Path                      PID    Runtime      # DAGs    # Errors  Last Runtime    Last Run
-----------------------------  -----  ---------  --------  ----------  --------------  -------------------
/opt/airflow/dags/test_dag.py                           1           0  0.19s           2025-11-10T19:40:43
================================================================================
[2025-11-10T19:41:43.247+0000] {manager.py:878} INFO - 
================================================================================
DAG File Processing Stats

File Path                      PID    Runtime      # DAGs    # Errors  Last Runtime    Last Run
-----------------------------  -----  ---------  --------  ----------  --------------  -------------------
/opt/airflow/dags/test_dag.py                           1           0  0.19s           2025-11-10T19:41:14
================================================================================
[2025-11-10T19:42:13.721+0000] {manager.py:878} INFO - 
================================================================================
DAG File Processing Stats

File Path                      PID    Runtime      # DAGs    # Errors  Last Runtime    Last Run
-----------------------------  -----  ---------  --------  ----------  --------------  -------------------
/opt/airflow/dags/test_dag.py                           1           0  0.18s           2025-11-10T19:41:44
================================================================================
[2025-11-10T19:42:44.210+0000] {manager.py:878} INFO - 
================================================================================
DAG File Processing Stats

File Path                      PID    Runtime      # DAGs    # Errors  Last Runtime    Last Run
-----------------------------  -----  ---------  --------  ----------  --------------  -------------------
/opt/airflow/dags/test_dag.py                           1           0  0.18s           2025-11-10T19:42:14
================================================================================
[2025-11-10T19:43:15.009+0000] {manager.py:878} INFO - 
================================================================================
DAG File Processing Stats

File Path                      PID    Runtime      # DAGs    # Errors  Last Runtime    Last Run
-----------------------------  -----  ---------  --------  ----------  --------------  -------------------
/opt/airflow/dags/test_dag.py                           1           0  0.18s           2025-11-10T19:42:45
================================================================================
[2025-11-10T19:43:45.715+0000] {manager.py:878} INFO - 
================================================================================
DAG File Processing Stats

File Path                      PID    Runtime      # DAGs    # Errors  Last Runtime    Last Run
-----------------------------  -----  ---------  --------  ----------  --------------  -------------------
/opt/airflow/dags/test_dag.py                           1           0  0.99s           2025-11-10T19:43:17
================================================================================
[2025-11-10T19:44:16.375+0000] {manager.py:878} INFO - 
================================================================================
DAG File Processing Stats

File Path                      PID    Runtime      # DAGs    # Errors  Last Runtime    Last Run
-----------------------------  -----  ---------  --------  ----------  --------------  -------------------
/opt/airflow/dags/test_dag.py                           1           0  0.22s           2025-11-10T19:43:48
================================================================================
[2025-11-10T19:44:30.495+0000] {manager.py:737} INFO - Searching for files in /opt/airflow/dags
[2025-11-10T19:44:30.517+0000] {manager.py:740} INFO - There are 1 files in /opt/airflow/dags
[2025-11-10T19:44:46.773+0000] {manager.py:878} INFO - 
================================================================================
DAG File Processing Stats

File Path                      PID    Runtime      # DAGs    # Errors  Last Runtime    Last Run
-----------------------------  -----  ---------  --------  ----------  --------------  -------------------
/opt/airflow/dags/test_dag.py                           1           0  0.22s           2025-11-10T19:44:18
================================================================================
[2025-11-10T19:45:17.207+0000] {manager.py:878} INFO - 
================================================================================
DAG File Processing Stats

File Path                      PID    Runtime      # DAGs    # Errors  Last Runtime    Last Run
-----------------------------  -----  ---------  --------  ----------  --------------  -------------------
/opt/airflow/dags/test_dag.py                           1           0  0.18s           2025-11-10T19:44:48
================================================================================
[2025-11-10T19:45:47.895+0000] {manager.py:878} INFO - 
================================================================================
DAG File Processing Stats

File Path                      PID    Runtime      # DAGs    # Errors  Last Runtime    Last Run
-----------------------------  -----  ---------  --------  ----------  --------------  -------------------
/opt/airflow/dags/test_dag.py                           1           0  0.16s           2025-11-10T19:45:19
================================================================================
[2025-11-10T19:46:18.767+0000] {manager.py:878} INFO - 
================================================================================
DAG File Processing Stats

File Path                      PID    Runtime      # DAGs    # Errors  Last Runtime    Last Run
-----------------------------  -----  ---------  --------  ----------  --------------  -------------------
/opt/airflow/dags/test_dag.py                           1           0  0.19s           2025-11-10T19:45:50
================================================================================
[2025-11-10T19:46:49.280+0000] {manager.py:878} INFO - 
================================================================================
DAG File Processing Stats

File Path                      PID    Runtime      # DAGs    # Errors  Last Runtime    Last Run
-----------------------------  -----  ---------  --------  ----------  --------------  -------------------
/opt/airflow/dags/test_dag.py                           1           0  0.17s           2025-11-10T19:46:21
================================================================================
[2025-11-10T19:47:19.796+0000] {manager.py:878} INFO - 
================================================================================
DAG File Processing Stats

File Path                      PID    Runtime      # DAGs    # Errors  Last Runtime    Last Run
-----------------------------  -----  ---------  --------  ----------  --------------  -------------------
/opt/airflow/dags/test_dag.py                           1           0  0.17s           2025-11-10T19:46:51
================================================================================
